// Jest Snapshot v1, https://goo.gl/fbAQLP

exports[`Header component Matches snapshot 1`] = `
<Styled(LinearGradient)
  colors={
    Array [
      "#576190",
      "#6d7099",
    ]
  }
  end={
    Array [
      1,
      0,
    ]
  }
  start={
    Array [
      0,
      1,
    ]
  }
>
  <Styled(Text)
    color="#FFF7E7"
    size="18px"
  >
    Numbers Generator
  </Styled(Text)>
</Styled(LinearGradient)>
`;
